2026-01-23 14:17:18,676 - WARNING -  * Debugger is active!
2026-01-23 14:17:18,682 - INFO -  * Debugger PIN: 248-318-085
2026-01-23 14:17:34,871 - INFO -  * Detected change in 'C:\\Users\\metro\\sp\\app.py', reloading
2026-01-23 14:17:39,106 - WARNING -  * Debugger is active!
2026-01-23 14:17:39,117 - INFO -  * Debugger PIN: 248-318-085
2026-01-23 14:17:56,004 - INFO -  * Detected change in 'C:\\Users\\metro\\sp\\app.py', reloading
2026-01-23 14:18:04,580 - WARNING -  * Debugger is active!
2026-01-23 14:18:04,594 - INFO -  * Debugger PIN: 248-318-085
2026-01-23 14:18:18,075 - INFO -  * Detected change in 'C:\\Users\\metro\\sp\\app.py', reloading
2026-01-23 14:18:19,748 - WARNING -  * Debugger is active!
2026-01-23 14:18:19,759 - INFO -  * Debugger PIN: 248-318-085
2026-01-23 14:20:01,927 - INFO -  * Detected change in 'C:\\Users\\metro\\sp\\app.py', reloading
2026-01-23 14:20:03,491 - WARNING -  * Debugger is active!
2026-01-23 14:20:03,495 - INFO -  * Debugger PIN: 248-318-085
2026-01-23 14:20:09,017 - INFO -  * Detected change in 'C:\\Users\\metro\\sp\\app.py', reloading
2026-01-23 14:20:10,604 - WARNING -  * Debugger is active!
2026-01-23 14:20:10,607 - INFO -  * Debugger PIN: 248-318-085
2026-01-23 14:39:55,666 - INFO - [31m[1mWARNING: This is a development server. Do not use it in a production deployment. Use a production WSGI server instead.[0m
 * Running on http://127.0.0.1:5000
2026-01-23 14:39:55,667 - INFO - [33mPress CTRL+C to quit[0m
2026-01-23 14:39:55,669 - INFO -  * Restarting with stat
2026-01-23 14:39:56,699 - WARNING -  * Debugger is active!
2026-01-23 14:39:56,705 - INFO -  * Debugger PIN: 248-318-085
2026-01-23 14:39:58,990 - INFO - 127.0.0.1 - - [23/Jan/2026 14:39:58] "GET / HTTP/1.1" 200 -
2026-01-23 14:39:59,417 - INFO - 127.0.0.1 - - [23/Jan/2026 14:39:59] "[33mGET /favicon.ico HTTP/1.1[0m" 404 -
2026-01-23 14:40:06,348 - INFO - Login attempt: user=MET11106, environment=production_na
2026-01-23 14:40:06,349 - DEBUG - fetch_calls called: environment=production_na, days=1, from_date=None, to_date=None
2026-01-23 14:40:06,350 - DEBUG - Using days-based range: days=1
2026-01-23 14:40:06,351 - INFO - SOAP Request - FromDateTime: 01/22/2026 00:00:00, ToDateTime: 01/23/2026 23:59:59
2026-01-23 14:40:06,352 - DEBUG - API URL: https://fss.servicepower.com/sms/services/SPDService
2026-01-23 14:40:06,352 - DEBUG - User: MET11106, ServicerAccount: MET11106
2026-01-23 14:40:06,353 - DEBUG - SOAP Request Body (password masked):
        <urn:getCallInfoSearch>
            <UserInfo>
                <UserID>MET11106</UserID>
                <Password>****</Password>
                <SvcrAcct>MET11106</SvcrAcct>
            </UserInfo>
            <FromDateTime>01/22/2026 00:00:00</FromDateTime>
            <ToDateTime>01/23/2026 23:59:59</ToDateTime>
        </urn:getCallInfoSearch>
2026-01-23 14:40:06,368 - DEBUG - Starting new HTTPS connection (1): fss.servicepower.com:443
2026-01-23 14:40:07,353 - DEBUG - https://fss.servicepower.com:443 "POST /sms/services/SPDService HTTP/1.1" 200 None
2026-01-23 14:40:07,357 - DEBUG - HTTP Response Status: 200
2026-01-23 14:40:07,357 - DEBUG - Response length: 19957 characters
2026-01-23 14:40:07,358 - DEBUG - Response preview: <?xml version="1.0" encoding="UTF-8"?><soapenv:Envelope xmlns:soapenv="http://schemas.xmlsoap.org/soap/envelope/" xmlns:xsd="http://www.w3.org/2001/XMLSchema" xmlns:xsi="http://www.w3.org/2001/XMLSchema-instance"><soapenv:Body><getCallInfoResponce xmlns="urn:SPDServicerService"><numberOfCalls xmlns="">11</numberOfCalls><CallInfo xmlns=""><ServicerAccount>MET11106</ServicerAccount><GroupKey>GK3</GroupKey><TechKey></TechKey><CallNumber>137989</CallNumber><MfgId>I565</MfgId><FSSCallId>48884753</FSSCallId><ServiceCenter>MET11106</ServiceCenter><WarrantyType>SC</WarrantyType><ServicetType>REP</ServicetType><ServiceLocation>IH</ServiceLocation><ScheduleDate>01/29/2026</ScheduleDate><ScheduleTimePeriod>15-17</ScheduleTimePeriod><ProblemType>UNKNOWN</ProblemType><ProbelmDesc>ICE MAKER ON THE DOOR ITS NOT MAKING ICE ITS NOT FREEZING</ProbelmDesc><RepeatCall>YES</RepeatCall><ForcedCall>NO</ForcedCall><CallStatus>ACCEPTED</CallStatus><SPCallStatusID>3</SPCallStatusID><CallSubStatus>WAITING ON CUS...
2026-01-23 14:40:07,364 - DEBUG - Found 11 CallInfo elements in response
2026-01-23 14:40:07,365 - INFO - Successfully parsed 11 calls from response
2026-01-23 14:40:07,366 - INFO - Parse result: success=True, calls_count=11, message=Found 11 calls
2026-01-23 14:40:07,368 - INFO - Login test result: success=True, message=Found 11 calls, calls_found=11
2026-01-23 14:40:07,369 - INFO - Login successful for user MET11106
2026-01-23 14:40:07,370 - INFO - 127.0.0.1 - - [23/Jan/2026 14:40:07] "POST /api/login HTTP/1.1" 200 -
2026-01-23 14:40:07,932 - INFO - 127.0.0.1 - - [23/Jan/2026 14:40:07] "GET /dashboard HTTP/1.1" 200 -
2026-01-23 14:40:08,360 - INFO - 127.0.0.1 - - [23/Jan/2026 14:40:08] "[36mGET /static/css/base.css HTTP/1.1[0m" 304 -
2026-01-23 14:40:08,429 - INFO - 127.0.0.1 - - [23/Jan/2026 14:40:08] "[36mGET /static/css/components.css HTTP/1.1[0m" 304 -
2026-01-23 14:40:08,431 - INFO - 127.0.0.1 - - [23/Jan/2026 14:40:08] "[36mGET /static/css/themes.css HTTP/1.1[0m" 304 -
2026-01-23 14:40:08,784 - DEBUG - fetch_calls called: environment=production_na, days=None, from_date=2026-01-16, to_date=2026-01-23
2026-01-23 14:40:08,785 - DEBUG - Using custom date range: from_date=2026-01-16, to_date=2026-01-23
2026-01-23 14:40:08,786 - INFO - SOAP Request - FromDateTime: 01/16/2026 00:00:00, ToDateTime: 01/23/2026 23:59:59
2026-01-23 14:40:08,786 - DEBUG - API URL: https://fss.servicepower.com/sms/services/SPDService
2026-01-23 14:40:08,786 - DEBUG - User: MET11106, ServicerAccount: MET11106
2026-01-23 14:40:08,786 - DEBUG - SOAP Request Body (password masked):
        <urn:getCallInfoSearch>
            <UserInfo>
                <UserID>MET11106</UserID>
                <Password>****</Password>
                <SvcrAcct>MET11106</SvcrAcct>
            </UserInfo>
            <FromDateTime>01/16/2026 00:00:00</FromDateTime>
            <ToDateTime>01/23/2026 23:59:59</ToDateTime>
        </urn:getCallInfoSearch>
2026-01-23 14:40:08,789 - DEBUG - Starting new HTTPS connection (1): fss.servicepower.com:443
2026-01-23 14:40:09,586 - DEBUG - https://fss.servicepower.com:443 "POST /sms/services/SPDService HTTP/1.1" 200 None
2026-01-23 14:40:09,587 - DEBUG - HTTP Response Status: 200
2026-01-23 14:40:09,587 - DEBUG - Response length: 619 characters
2026-01-23 14:40:09,587 - DEBUG - Response preview: <?xml version="1.0" encoding="UTF-8"?><soapenv:Envelope xmlns:soapenv="http://schemas.xmlsoap.org/soap/envelope/" xmlns:xsd="http://www.w3.org/2001/XMLSchema" xmlns:xsi="http://www.w3.org/2001/XMLSchema-instance"><soapenv:Body><getCallInfoResponce xmlns="urn:SPDServicerService"><numberOfCalls xsi:nil="true" xmlns=""/><ErrorInfo xmlns=""><Code>SP007</Code><Description>Temporarily limiting date range to 2 days. Please retry with new date values</Description><Cause>Temporarily limiting date range to 2 days. Please retry with new date values</Cause></ErrorInfo></getCallInfoResponce></soapenv:Body></soapenv:Envelope>...
2026-01-23 14:40:09,587 - DEBUG - Found 0 CallInfo elements in response
2026-01-23 14:40:09,588 - INFO - Successfully parsed None calls from response
2026-01-23 14:40:09,588 - INFO - Parse result: success=True, calls_count=0, message=Found None calls
2026-01-23 14:40:09,589 - INFO - 127.0.0.1 - - [23/Jan/2026 14:40:09] "POST /api/calls HTTP/1.1" 200 -
2026-01-23 14:40:11,853 - DEBUG - fetch_calls called: environment=production_na, days=None, from_date=2026-01-16, to_date=2026-01-23
2026-01-23 14:40:11,854 - DEBUG - Using custom date range: from_date=2026-01-16, to_date=2026-01-23
2026-01-23 14:40:11,854 - INFO - SOAP Request - FromDateTime: 01/16/2026 00:00:00, ToDateTime: 01/23/2026 23:59:59
2026-01-23 14:40:11,854 - DEBUG - API URL: https://fss.servicepower.com/sms/services/SPDService
2026-01-23 14:40:11,855 - DEBUG - User: MET11106, ServicerAccount: MET11106
2026-01-23 14:40:11,855 - DEBUG - SOAP Request Body (password masked):
        <urn:getCallInfoSearch>
            <UserInfo>
                <UserID>MET11106</UserID>
                <Password>****</Password>
                <SvcrAcct>MET11106</SvcrAcct>
            </UserInfo>
            <FromDateTime>01/16/2026 00:00:00</FromDateTime>
            <ToDateTime>01/23/2026 23:59:59</ToDateTime>
        </urn:getCallInfoSearch>
2026-01-23 14:40:11,858 - DEBUG - Starting new HTTPS connection (1): fss.servicepower.com:443
2026-01-23 14:40:12,614 - DEBUG - https://fss.servicepower.com:443 "POST /sms/services/SPDService HTTP/1.1" 200 None
2026-01-23 14:40:12,615 - DEBUG - HTTP Response Status: 200
2026-01-23 14:40:12,615 - DEBUG - Response length: 619 characters
2026-01-23 14:40:12,616 - DEBUG - Response preview: <?xml version="1.0" encoding="UTF-8"?><soapenv:Envelope xmlns:soapenv="http://schemas.xmlsoap.org/soap/envelope/" xmlns:xsd="http://www.w3.org/2001/XMLSchema" xmlns:xsi="http://www.w3.org/2001/XMLSchema-instance"><soapenv:Body><getCallInfoResponce xmlns="urn:SPDServicerService"><numberOfCalls xsi:nil="true" xmlns=""/><ErrorInfo xmlns=""><Code>SP007</Code><Description>Temporarily limiting date range to 2 days. Please retry with new date values</Description><Cause>Temporarily limiting date range to 2 days. Please retry with new date values</Cause></ErrorInfo></getCallInfoResponce></soapenv:Body></soapenv:Envelope>...
2026-01-23 14:40:12,616 - DEBUG - Found 0 CallInfo elements in response
2026-01-23 14:40:12,616 - INFO - Successfully parsed None calls from response
2026-01-23 14:40:12,616 - INFO - Parse result: success=True, calls_count=0, message=Found None calls
2026-01-23 14:40:12,618 - INFO - 127.0.0.1 - - [23/Jan/2026 14:40:12] "POST /api/calls HTTP/1.1" 200 -
2026-01-23 14:40:14,946 - DEBUG - fetch_calls called: environment=production_na, days=None, from_date=2026-01-18, to_date=2026-01-23
2026-01-23 14:40:14,947 - DEBUG - Using custom date range: from_date=2026-01-18, to_date=2026-01-23
2026-01-23 14:40:14,948 - INFO - SOAP Request - FromDateTime: 01/18/2026 00:00:00, ToDateTime: 01/23/2026 23:59:59
2026-01-23 14:40:14,948 - DEBUG - API URL: https://fss.servicepower.com/sms/services/SPDService
2026-01-23 14:40:14,949 - DEBUG - User: MET11106, ServicerAccount: MET11106
2026-01-23 14:40:14,950 - DEBUG - SOAP Request Body (password masked):
        <urn:getCallInfoSearch>
            <UserInfo>
                <UserID>MET11106</UserID>
                <Password>****</Password>
                <SvcrAcct>MET11106</SvcrAcct>
            </UserInfo>
            <FromDateTime>01/18/2026 00:00:00</FromDateTime>
            <ToDateTime>01/23/2026 23:59:59</ToDateTime>
        </urn:getCallInfoSearch>
2026-01-23 14:40:14,953 - DEBUG - Starting new HTTPS connection (1): fss.servicepower.com:443
2026-01-23 14:40:15,681 - DEBUG - https://fss.servicepower.com:443 "POST /sms/services/SPDService HTTP/1.1" 200 None
2026-01-23 14:40:15,685 - DEBUG - HTTP Response Status: 200
2026-01-23 14:40:15,686 - DEBUG - Response length: 619 characters
2026-01-23 14:40:15,686 - DEBUG - Response preview: <?xml version="1.0" encoding="UTF-8"?><soapenv:Envelope xmlns:soapenv="http://schemas.xmlsoap.org/soap/envelope/" xmlns:xsd="http://www.w3.org/2001/XMLSchema" xmlns:xsi="http://www.w3.org/2001/XMLSchema-instance"><soapenv:Body><getCallInfoResponce xmlns="urn:SPDServicerService"><numberOfCalls xsi:nil="true" xmlns=""/><ErrorInfo xmlns=""><Code>SP007</Code><Description>Temporarily limiting date range to 2 days. Please retry with new date values</Description><Cause>Temporarily limiting date range to 2 days. Please retry with new date values</Cause></ErrorInfo></getCallInfoResponce></soapenv:Body></soapenv:Envelope>...
2026-01-23 14:40:15,687 - DEBUG - Found 0 CallInfo elements in response
2026-01-23 14:40:15,687 - INFO - Successfully parsed None calls from response
2026-01-23 14:40:15,688 - INFO - Parse result: success=True, calls_count=0, message=Found None calls
2026-01-23 14:40:15,691 - INFO - 127.0.0.1 - - [23/Jan/2026 14:40:15] "POST /api/calls HTTP/1.1" 200 -
2026-01-23 14:40:17,139 - DEBUG - fetch_calls called: environment=production_na, days=None, from_date=2026-01-21, to_date=2026-01-23
2026-01-23 14:40:17,139 - DEBUG - Using custom date range: from_date=2026-01-21, to_date=2026-01-23
2026-01-23 14:40:17,140 - INFO - SOAP Request - FromDateTime: 01/21/2026 00:00:00, ToDateTime: 01/23/2026 23:59:59
2026-01-23 14:40:17,140 - DEBUG - API URL: https://fss.servicepower.com/sms/services/SPDService
2026-01-23 14:40:17,140 - DEBUG - User: MET11106, ServicerAccount: MET11106
2026-01-23 14:40:17,141 - DEBUG - SOAP Request Body (password masked):
        <urn:getCallInfoSearch>
            <UserInfo>
                <UserID>MET11106</UserID>
                <Password>****</Password>
                <SvcrAcct>MET11106</SvcrAcct>
            </UserInfo>
            <FromDateTime>01/21/2026 00:00:00</FromDateTime>
            <ToDateTime>01/23/2026 23:59:59</ToDateTime>
        </urn:getCallInfoSearch>
2026-01-23 14:40:17,142 - DEBUG - Starting new HTTPS connection (1): fss.servicepower.com:443
2026-01-23 14:40:17,938 - DEBUG - https://fss.servicepower.com:443 "POST /sms/services/SPDService HTTP/1.1" 200 None
2026-01-23 14:40:17,941 - DEBUG - HTTP Response Status: 200
2026-01-23 14:40:17,942 - DEBUG - Response length: 34376 characters
2026-01-23 14:40:17,943 - DEBUG - Response preview: <?xml version="1.0" encoding="UTF-8"?><soapenv:Envelope xmlns:soapenv="http://schemas.xmlsoap.org/soap/envelope/" xmlns:xsd="http://www.w3.org/2001/XMLSchema" xmlns:xsi="http://www.w3.org/2001/XMLSchema-instance"><soapenv:Body><getCallInfoResponce xmlns="urn:SPDServicerService"><numberOfCalls xmlns="">19</numberOfCalls><CallInfo xmlns=""><ServicerAccount>MET11106</ServicerAccount><GroupKey xsi:nil="true"/><TechKey></TechKey><CallNumber>1005912098-10</CallNumber><MfgId>I455</MfgId><FSSCallId>48874815</FSSCallId><ServiceCenter>10826</ServiceCenter><WarrantyType>SC</WarrantyType><ServicetType>REP</ServicetType><ServiceLocation>IH</ServiceLocation><ScheduleDate>01/23/2026</ScheduleDate><ScheduleTimePeriod>12-17</ScheduleTimePeriod><ProblemType>None</ProblemType><ProbelmDesc>No ice
No additional information provided</ProbelmDesc><RepeatCall>NO</RepeatCall><ForcedCall>NO</ForcedCall><CallStatus>CANCELLED</CallStatus><SPCallStatusID>4</SPCallStatusID><CallSubStatus>CANCELLED</CallSubStatus><S...
2026-01-23 14:40:17,948 - DEBUG - Found 19 CallInfo elements in response
2026-01-23 14:40:17,951 - INFO - Successfully parsed 19 calls from response
2026-01-23 14:40:17,952 - INFO - Parse result: success=True, calls_count=19, message=Found 19 calls
2026-01-23 14:40:17,966 - INFO - 127.0.0.1 - - [23/Jan/2026 14:40:17] "POST /api/calls HTTP/1.1" 200 -
2026-01-23 14:40:34,104 - INFO - 127.0.0.1 - - [23/Jan/2026 14:40:34] "POST /api/export/dbf HTTP/1.1" 200 -
2026-01-26 15:28:56,075 - app - INFO - ServiceDispatch application started in development mode
2026-01-26 15:28:57,489 - app - INFO - ServiceDispatch application started in development mode
2026-01-26 15:29:54,336 - app.api.auth - INFO - Login attempt: user=MET11106, environment=production_na
2026-01-26 15:29:54,337 - app.services.servicepower - INFO - Fetching calls from 01/25/2026 00:00:00 to 01/26/2026 23:59:59
2026-01-26 15:29:55,391 - app.services.servicepower - INFO - Zeep client initialized for production_na
2026-01-26 15:29:55,392 - app.services.servicepower - ERROR - Error fetching calls: Service has no operation 'getCallInfoSearch'
2026-01-26 15:29:55,392 - app.api.auth - WARNING - Login failed for user MET11106: Error: Service has no operation 'getCallInfoSearch'
2026-01-26 15:30:04,331 - app.api.auth - INFO - Login attempt: user=MET11106, environment=staging_na
2026-01-26 15:30:04,332 - app.services.servicepower - INFO - Fetching calls from 01/25/2026 00:00:00 to 01/26/2026 23:59:59
2026-01-26 15:30:05,273 - app.services.servicepower - INFO - Zeep client initialized for staging_na
2026-01-26 15:30:05,274 - app.services.servicepower - ERROR - Error fetching calls: Service has no operation 'getCallInfoSearch'
2026-01-26 15:30:05,274 - app.api.auth - WARNING - Login failed for user MET11106: Error: Service has no operation 'getCallInfoSearch'
2026-01-26 15:32:01,047 - app - INFO - ServiceDispatch application started in development mode
2026-01-26 15:35:02,283 - app - INFO - ServiceDispatch application started in development mode
2026-01-26 15:35:03,516 - app - INFO - ServiceDispatch application started in development mode
2026-01-26 15:35:22,999 - app.api.auth - INFO - Login attempt: user=MET11106, environment=production_na
2026-01-26 15:35:23,001 - app.services.servicepower - INFO - ServicePower client initialized for production_na
2026-01-26 15:35:23,002 - app.services.servicepower - INFO - Fetching calls from 01/25/2026 00:00:00 to 01/26/2026 23:59:59
2026-01-26 15:35:23,003 - app.services.servicepower - DEBUG - Making SOAP request to https://fss.servicepower.com/sms/services/SPDService
2026-01-26 15:35:23,852 - app.services.servicepower - DEBUG - HTTP Response Status: 200
2026-01-26 15:35:23,855 - app.services.servicepower - DEBUG - Found 3 CallInfo elements in response
2026-01-26 15:35:23,856 - app.services.servicepower - INFO - Successfully parsed 3 calls from response
2026-01-26 15:35:23,859 - app.api.auth - INFO - Login successful for user MET11106
2026-01-26 15:35:24,831 - app.services.servicepower - INFO - ServicePower client initialized for production_na
2026-01-26 15:35:24,883 - app.api.calls - ERROR - Error fetching calls: strptime() argument 1 must be str, not datetime.datetime
2026-01-26 15:35:31,103 - app.services.servicepower - INFO - ServicePower client initialized for production_na
2026-01-26 15:35:31,104 - app.api.calls - ERROR - Error fetching calls: strptime() argument 1 must be str, not datetime.datetime
2026-01-26 15:35:37,861 - app.services.servicepower - INFO - ServicePower client initialized for production_na
2026-01-26 15:35:37,863 - app.api.calls - ERROR - Error fetching calls: strptime() argument 1 must be str, not datetime.datetime
2026-01-26 15:37:00,172 - app.services.servicepower - INFO - ServicePower client initialized for production_na
2026-01-26 15:37:00,172 - app.api.calls - ERROR - Error fetching calls: strptime() argument 1 must be str, not datetime.datetime
2026-01-26 15:37:28,172 - app.services.servicepower - INFO - ServicePower client initialized for production_na
2026-01-26 15:37:28,173 - app.api.calls - ERROR - Error fetching calls: strptime() argument 1 must be str, not datetime.datetime
2026-01-26 15:37:57,205 - app - INFO - ServiceDispatch application started in development mode
2026-01-26 15:37:57,206 - app - INFO - ServiceDispatch application started in development mode
2026-01-26 15:39:02,729 - app - INFO - ServiceDispatch application started in development mode
2026-01-26 16:46:25,413 - app - INFO - ServiceDispatch application started in development mode
2026-01-26 16:46:26,966 - app - INFO - ServiceDispatch application started in development mode
2026-01-26 16:46:45,268 - app.api.auth - INFO - Login attempt: user=MET11106, environment=production_na
2026-01-26 16:46:45,269 - app.services.servicepower - INFO - ServicePower client initialized for production_na
2026-01-26 16:46:45,270 - app.services.servicepower - INFO - Fetching calls from 01/25/2026 00:00:00 to 01/26/2026 23:59:59
2026-01-26 16:46:45,271 - app.services.servicepower - DEBUG - Making SOAP request to https://fss.servicepower.com/sms/services/SPDService
2026-01-26 16:46:46,363 - app.services.servicepower - DEBUG - HTTP Response Status: 200
2026-01-26 16:46:46,365 - app.services.servicepower - DEBUG - Found 3 CallInfo elements in response
2026-01-26 16:46:46,366 - app.services.servicepower - INFO - Successfully parsed 3 calls from response
2026-01-26 16:46:46,368 - app.api.auth - INFO - Login successful for user MET11106
2026-01-26 16:46:47,492 - app.services.servicepower - INFO - ServicePower client initialized for production_na
2026-01-26 16:46:47,520 - app.services.servicepower - INFO - Fetching calls from 01/24/2026 00:00:00 to 01/26/2026 23:59:59
2026-01-26 16:46:47,520 - app.services.servicepower - DEBUG - Making SOAP request to https://fss.servicepower.com/sms/services/SPDService
2026-01-26 16:46:48,405 - app.services.servicepower - DEBUG - HTTP Response Status: 200
2026-01-26 16:46:48,406 - app.services.servicepower - DEBUG - Found 4 CallInfo elements in response
2026-01-26 16:46:48,407 - app.services.servicepower - INFO - Successfully parsed 4 calls from response
2026-01-26 16:47:14,190 - app.services.servicepower - INFO - ServicePower client initialized for production_na
2026-01-26 16:47:14,190 - app.services.servicepower - INFO - Fetching calls from 01/19/2026 00:00:00 to 01/26/2026 23:59:59
2026-01-26 16:47:14,191 - app.services.servicepower - DEBUG - Making SOAP request to https://fss.servicepower.com/sms/services/SPDService
2026-01-26 16:47:15,006 - app.services.servicepower - DEBUG - HTTP Response Status: 200
2026-01-26 16:47:15,007 - app.services.servicepower - DEBUG - Found 0 CallInfo elements in response
2026-01-26 16:47:15,007 - app.services.servicepower - INFO - Successfully parsed None calls from response
2026-01-26 16:47:16,302 - app.services.servicepower - INFO - ServicePower client initialized for production_na
2026-01-26 16:47:16,303 - app.services.servicepower - INFO - Fetching calls from 01/19/2026 00:00:00 to 01/26/2026 23:59:59
2026-01-26 16:47:16,303 - app.services.servicepower - DEBUG - Making SOAP request to https://fss.servicepower.com/sms/services/SPDService
2026-01-26 16:47:17,051 - app.services.servicepower - DEBUG - HTTP Response Status: 200
2026-01-26 16:47:17,052 - app.services.servicepower - DEBUG - Found 0 CallInfo elements in response
2026-01-26 16:47:17,052 - app.services.servicepower - INFO - Successfully parsed None calls from response
2026-01-26 16:47:20,987 - app.services.servicepower - INFO - ServicePower client initialized for production_na
2026-01-26 16:47:20,988 - app.services.servicepower - INFO - Fetching calls from 01/19/2026 00:00:00 to 01/26/2026 23:59:59
2026-01-26 16:47:20,988 - app.services.servicepower - DEBUG - Making SOAP request to https://fss.servicepower.com/sms/services/SPDService
2026-01-26 16:47:21,692 - app.services.servicepower - INFO - ServicePower client initialized for production_na
2026-01-26 16:47:21,693 - app.services.servicepower - INFO - Fetching calls from 01/19/2026 00:00:00 to 01/26/2026 23:59:59
2026-01-26 16:47:21,693 - app.services.servicepower - DEBUG - Making SOAP request to https://fss.servicepower.com/sms/services/SPDService
2026-01-26 16:47:21,861 - app.services.servicepower - DEBUG - HTTP Response Status: 200
2026-01-26 16:47:21,862 - app.services.servicepower - DEBUG - Found 0 CallInfo elements in response
2026-01-26 16:47:21,862 - app.services.servicepower - INFO - Successfully parsed None calls from response
2026-01-26 16:47:22,450 - app.services.servicepower - DEBUG - HTTP Response Status: 200
2026-01-26 16:47:22,451 - app.services.servicepower - DEBUG - Found 0 CallInfo elements in response
2026-01-26 16:47:22,452 - app.services.servicepower - INFO - Successfully parsed None calls from response
2026-01-26 16:47:22,828 - app.services.servicepower - INFO - ServicePower client initialized for production_na
2026-01-26 16:47:22,829 - app.services.servicepower - INFO - Fetching calls from 01/19/2026 00:00:00 to 01/26/2026 23:59:59
2026-01-26 16:47:22,829 - app.services.servicepower - DEBUG - Making SOAP request to https://fss.servicepower.com/sms/services/SPDService
2026-01-26 16:47:23,615 - app.services.servicepower - DEBUG - HTTP Response Status: 200
2026-01-26 16:47:23,616 - app.services.servicepower - DEBUG - Found 0 CallInfo elements in response
2026-01-26 16:47:23,616 - app.services.servicepower - INFO - Successfully parsed None calls from response
2026-01-26 16:48:18,321 - app.services.servicepower - INFO - ServicePower client initialized for production_na
2026-01-26 16:48:18,324 - app.services.servicepower - INFO - Fetching calls from 01/24/2026 00:00:00 to 01/26/2026 23:59:59
2026-01-26 16:48:18,325 - app.services.servicepower - DEBUG - Making SOAP request to https://fss.servicepower.com/sms/services/SPDService
2026-01-26 16:48:19,213 - app.services.servicepower - DEBUG - HTTP Response Status: 200
2026-01-26 16:48:19,215 - app.services.servicepower - DEBUG - Found 4 CallInfo elements in response
2026-01-26 16:48:19,216 - app.services.servicepower - INFO - Successfully parsed 4 calls from response
2026-01-26 16:49:05,186 - app.services.export - INFO - Creating DBF with 1 records
2026-01-26 16:49:05,189 - app.services.export - INFO - Exported 1 records to lotus_tickets_20260126_164905.dbf
2026-01-26 16:49:05,189 - app.api.export - INFO - Exported 1 calls to lotus_tickets_20260126_164905.dbf
2026-01-26 16:50:46,519 - app.services.servicepower - INFO - ServicePower client initialized for production_na
2026-01-26 16:50:46,522 - app.services.servicepower - INFO - Fetching calls from 01/24/2026 00:00:00 to 01/26/2026 23:59:59
2026-01-26 16:50:46,523 - app.services.servicepower - DEBUG - Making SOAP request to https://fss.servicepower.com/sms/services/SPDService
2026-01-26 16:50:47,595 - app.services.servicepower - DEBUG - HTTP Response Status: 200
2026-01-26 16:50:47,633 - app.services.servicepower - DEBUG - Found 4 CallInfo elements in response
2026-01-26 16:50:47,634 - app.services.servicepower - INFO - Successfully parsed 4 calls from response
2026-01-26 16:50:50,891 - app.services.servicepower - INFO - ServicePower client initialized for production_na
2026-01-26 16:50:50,892 - app.services.servicepower - INFO - Fetching calls from 01/23/2026 00:00:00 to 01/26/2026 23:59:59
2026-01-26 16:50:50,892 - app.services.servicepower - DEBUG - Making SOAP request to https://fss.servicepower.com/sms/services/SPDService
2026-01-26 16:50:51,616 - app.services.servicepower - DEBUG - HTTP Response Status: 200
2026-01-26 16:50:51,618 - app.services.servicepower - DEBUG - Found 0 CallInfo elements in response
2026-01-26 16:50:51,619 - app.services.servicepower - INFO - Successfully parsed None calls from response
2026-01-26 16:50:55,476 - app.services.servicepower - INFO - ServicePower client initialized for production_na
2026-01-26 16:50:55,476 - app.services.servicepower - INFO - Fetching calls from 01/23/2026 00:00:00 to 01/25/2026 23:59:59
2026-01-26 16:50:55,477 - app.services.servicepower - DEBUG - Making SOAP request to https://fss.servicepower.com/sms/services/SPDService
2026-01-26 16:50:56,271 - app.services.servicepower - DEBUG - HTTP Response Status: 200
2026-01-26 16:50:56,272 - app.services.servicepower - DEBUG - Found 9 CallInfo elements in response
2026-01-26 16:50:56,273 - app.services.servicepower - INFO - Successfully parsed 9 calls from response
2026-01-26 16:51:05,323 - app.services.servicepower - INFO - ServicePower client initialized for production_na
2026-01-26 16:51:05,323 - app.services.servicepower - INFO - Fetching calls from 01/22/2026 00:00:00 to 01/24/2026 23:59:59
2026-01-26 16:51:05,324 - app.services.servicepower - DEBUG - Making SOAP request to https://fss.servicepower.com/sms/services/SPDService
2026-01-26 16:51:06,135 - app.services.servicepower - DEBUG - HTTP Response Status: 200
2026-01-26 16:51:06,137 - app.services.servicepower - DEBUG - Found 15 CallInfo elements in response
2026-01-26 16:51:06,137 - app.services.servicepower - INFO - Successfully parsed 15 calls from response
2026-01-26 16:51:13,148 - app.services.servicepower - INFO - ServicePower client initialized for production_na
2026-01-26 16:51:13,148 - app.services.servicepower - INFO - Fetching calls from 01/22/2026 00:00:00 to 01/26/2026 23:59:59
2026-01-26 16:51:13,149 - app.services.servicepower - DEBUG - Making SOAP request to https://fss.servicepower.com/sms/services/SPDService
2026-01-26 16:51:13,928 - app.services.servicepower - DEBUG - HTTP Response Status: 200
2026-01-26 16:51:13,929 - app.services.servicepower - DEBUG - Found 0 CallInfo elements in response
2026-01-26 16:51:13,930 - app.services.servicepower - INFO - Successfully parsed None calls from response
2026-01-26 16:54:50,571 - app - INFO - ServiceDispatch application started in development mode
2026-01-26 16:55:14,964 - app - INFO - ServiceDispatch application started in development mode
2026-01-26 16:59:17,600 - app - INFO - ServiceDispatch application started in development mode
2026-01-26 16:59:18,890 - app - INFO - ServiceDispatch application started in development mode
2026-01-26 16:59:22,969 - app.services.servicepower - INFO - ServicePower client initialized for production_na
2026-01-26 16:59:22,984 - app.services.servicepower - INFO - Fetching calls for 3 day(s): 2026-01-24 to 2026-01-26
2026-01-26 16:59:22,985 - app.services.servicepower - DEBUG - Fetching calls from 01/24/2026 00:00:00 to 01/26/2026 23:59:59
2026-01-26 16:59:22,985 - app.services.servicepower - DEBUG - Making SOAP request to https://fss.servicepower.com/sms/services/SPDService
2026-01-26 16:59:24,003 - app.services.servicepower - DEBUG - HTTP Response Status: 200
2026-01-26 16:59:24,006 - app.services.servicepower - DEBUG - Found 4 CallInfo elements in response
2026-01-26 16:59:24,006 - app.services.servicepower - INFO - Successfully parsed 4 calls from response
2026-01-26 16:59:27,826 - app.services.servicepower - INFO - ServicePower client initialized for production_na
2026-01-26 16:59:27,826 - app.services.servicepower - INFO - Fetching calls for 3 day(s): 2026-01-24 to 2026-01-26
2026-01-26 16:59:27,827 - app.services.servicepower - DEBUG - Fetching calls from 01/24/2026 00:00:00 to 01/26/2026 23:59:59
2026-01-26 16:59:27,829 - app.services.servicepower - DEBUG - Making SOAP request to https://fss.servicepower.com/sms/services/SPDService
2026-01-26 16:59:28,707 - app.services.servicepower - DEBUG - HTTP Response Status: 200
2026-01-26 16:59:28,708 - app.services.servicepower - DEBUG - Found 4 CallInfo elements in response
2026-01-26 16:59:28,708 - app.services.servicepower - INFO - Successfully parsed 4 calls from response
2026-01-26 16:59:31,603 - app.services.servicepower - INFO - ServicePower client initialized for production_na
2026-01-26 16:59:31,603 - app.services.servicepower - INFO - Date range is 5 days - splitting into 2-day chunks
2026-01-26 16:59:31,604 - app.services.servicepower - INFO - Chunk 1: 2026-01-22 to 2026-01-23
2026-01-26 16:59:31,604 - app.services.servicepower - DEBUG - Fetching calls from 01/22/2026 00:00:00 to 01/23/2026 23:59:59
2026-01-26 16:59:31,605 - app.services.servicepower - DEBUG - Making SOAP request to https://fss.servicepower.com/sms/services/SPDService
2026-01-26 16:59:32,424 - app.services.servicepower - DEBUG - HTTP Response Status: 200
2026-01-26 16:59:32,425 - app.services.servicepower - DEBUG - Found 14 CallInfo elements in response
2026-01-26 16:59:32,426 - app.services.servicepower - INFO - Successfully parsed 14 calls from response
2026-01-26 16:59:32,428 - app.services.servicepower - INFO - Chunk 2: 2026-01-24 to 2026-01-25
2026-01-26 16:59:32,429 - app.services.servicepower - DEBUG - Fetching calls from 01/24/2026 00:00:00 to 01/25/2026 23:59:59
2026-01-26 16:59:32,430 - app.services.servicepower - DEBUG - Making SOAP request to https://fss.servicepower.com/sms/services/SPDService
2026-01-26 16:59:33,189 - app.services.servicepower - DEBUG - HTTP Response Status: 200
2026-01-26 16:59:33,190 - app.services.servicepower - DEBUG - Found 1 CallInfo elements in response
2026-01-26 16:59:33,190 - app.services.servicepower - INFO - Successfully parsed 1 calls from response
2026-01-26 16:59:33,192 - app.services.servicepower - INFO - Chunk 3: 2026-01-26 to 2026-01-26
2026-01-26 16:59:33,192 - app.services.servicepower - DEBUG - Fetching calls from 01/26/2026 00:00:00 to 01/26/2026 23:59:59
2026-01-26 16:59:33,192 - app.services.servicepower - DEBUG - Making SOAP request to https://fss.servicepower.com/sms/services/SPDService
2026-01-26 16:59:33,914 - app.services.servicepower - DEBUG - HTTP Response Status: 200
2026-01-26 16:59:33,915 - app.services.servicepower - DEBUG - Found 3 CallInfo elements in response
2026-01-26 16:59:33,916 - app.services.servicepower - INFO - Successfully parsed 3 calls from response
2026-01-26 16:59:33,917 - app.services.servicepower - INFO - Fetched 18 unique calls across 3 API calls
2026-01-26 17:00:15,537 - app.api.calls - ERROR - Error looking up ticket: 'ascii' codec can't decode byte 0xa8 in position 46: ordinal not in range(128)
2026-01-26 17:00:30,771 - app.services.servicepower - INFO - ServicePower client initialized for production_na
2026-01-26 17:00:30,771 - app.services.servicepower - INFO - Fetching calls for 3 day(s): 2026-01-24 to 2026-01-26
2026-01-26 17:00:30,772 - app.services.servicepower - DEBUG - Fetching calls from 01/24/2026 00:00:00 to 01/26/2026 23:59:59
2026-01-26 17:00:30,773 - app.services.servicepower - DEBUG - Making SOAP request to https://fss.servicepower.com/sms/services/SPDService
2026-01-26 17:00:31,795 - app.services.servicepower - DEBUG - HTTP Response Status: 200
2026-01-26 17:00:31,796 - app.services.servicepower - DEBUG - Found 4 CallInfo elements in response
2026-01-26 17:00:31,796 - app.services.servicepower - INFO - Successfully parsed 4 calls from response
2026-01-26 17:00:39,889 - app.services.servicepower - INFO - ServicePower client initialized for production_na
2026-01-26 17:00:39,889 - app.services.servicepower - INFO - Date range is 11 days - splitting into 2-day chunks
2026-01-26 17:00:39,890 - app.services.servicepower - INFO - Chunk 1: 2026-01-16 to 2026-01-17
2026-01-26 17:00:39,890 - app.services.servicepower - DEBUG - Fetching calls from 01/16/2026 00:00:00 to 01/17/2026 23:59:59
2026-01-26 17:00:39,891 - app.services.servicepower - DEBUG - Making SOAP request to https://fss.servicepower.com/sms/services/SPDService
2026-01-26 17:00:40,683 - app.services.servicepower - DEBUG - HTTP Response Status: 200
2026-01-26 17:00:40,685 - app.services.servicepower - DEBUG - Found 8 CallInfo elements in response
2026-01-26 17:00:40,685 - app.services.servicepower - INFO - Successfully parsed 8 calls from response
2026-01-26 17:00:40,686 - app.services.servicepower - INFO - Chunk 2: 2026-01-18 to 2026-01-19
2026-01-26 17:00:40,687 - app.services.servicepower - DEBUG - Fetching calls from 01/18/2026 00:00:00 to 01/19/2026 23:59:59
2026-01-26 17:00:40,687 - app.services.servicepower - DEBUG - Making SOAP request to https://fss.servicepower.com/sms/services/SPDService
2026-01-26 17:00:41,502 - app.services.servicepower - DEBUG - HTTP Response Status: 200
2026-01-26 17:00:41,504 - app.services.servicepower - DEBUG - Found 9 CallInfo elements in response
2026-01-26 17:00:41,505 - app.services.servicepower - INFO - Successfully parsed 9 calls from response
2026-01-26 17:00:41,506 - app.services.servicepower - INFO - Chunk 3: 2026-01-20 to 2026-01-21
2026-01-26 17:00:41,507 - app.services.servicepower - DEBUG - Fetching calls from 01/20/2026 00:00:00 to 01/21/2026 23:59:59
2026-01-26 17:00:41,507 - app.services.servicepower - DEBUG - Making SOAP request to https://fss.servicepower.com/sms/services/SPDService
2026-01-26 17:00:42,334 - app.services.servicepower - DEBUG - HTTP Response Status: 200
2026-01-26 17:00:42,335 - app.services.servicepower - DEBUG - Found 16 CallInfo elements in response
2026-01-26 17:00:42,336 - app.services.servicepower - INFO - Successfully parsed 16 calls from response
2026-01-26 17:00:42,338 - app.services.servicepower - INFO - Chunk 4: 2026-01-22 to 2026-01-23
2026-01-26 17:00:42,338 - app.services.servicepower - DEBUG - Fetching calls from 01/22/2026 00:00:00 to 01/23/2026 23:59:59
2026-01-26 17:00:42,339 - app.services.servicepower - DEBUG - Making SOAP request to https://fss.servicepower.com/sms/services/SPDService
2026-01-26 17:00:43,138 - app.services.servicepower - DEBUG - HTTP Response Status: 200
2026-01-26 17:00:43,139 - app.services.servicepower - DEBUG - Found 14 CallInfo elements in response
2026-01-26 17:00:43,139 - app.services.servicepower - INFO - Successfully parsed 14 calls from response
2026-01-26 17:00:43,141 - app.services.servicepower - INFO - Chunk 5: 2026-01-24 to 2026-01-25
2026-01-26 17:00:43,141 - app.services.servicepower - DEBUG - Fetching calls from 01/24/2026 00:00:00 to 01/25/2026 23:59:59
2026-01-26 17:00:43,141 - app.services.servicepower - DEBUG - Making SOAP request to https://fss.servicepower.com/sms/services/SPDService
2026-01-26 17:00:43,904 - app.services.servicepower - DEBUG - HTTP Response Status: 200
2026-01-26 17:00:43,904 - app.services.servicepower - DEBUG - Found 1 CallInfo elements in response
2026-01-26 17:00:43,905 - app.services.servicepower - INFO - Successfully parsed 1 calls from response
2026-01-26 17:00:43,907 - app.services.servicepower - INFO - Chunk 6: 2026-01-26 to 2026-01-26
2026-01-26 17:00:43,907 - app.services.servicepower - DEBUG - Fetching calls from 01/26/2026 00:00:00 to 01/26/2026 23:59:59
2026-01-26 17:00:43,907 - app.services.servicepower - DEBUG - Making SOAP request to https://fss.servicepower.com/sms/services/SPDService
2026-01-26 17:00:44,233 - app.services.servicepower - INFO - ServicePower client initialized for production_na
2026-01-26 17:00:44,233 - app.services.servicepower - INFO - Date range is 11 days - splitting into 2-day chunks
2026-01-26 17:00:44,234 - app.services.servicepower - INFO - Chunk 1: 2026-01-16 to 2026-01-17
2026-01-26 17:00:44,234 - app.services.servicepower - DEBUG - Fetching calls from 01/16/2026 00:00:00 to 01/17/2026 23:59:59
2026-01-26 17:00:44,234 - app.services.servicepower - DEBUG - Making SOAP request to https://fss.servicepower.com/sms/services/SPDService
2026-01-26 17:00:44,695 - app.services.servicepower - DEBUG - HTTP Response Status: 200
2026-01-26 17:00:44,697 - app.services.servicepower - DEBUG - Found 3 CallInfo elements in response
2026-01-26 17:00:44,698 - app.services.servicepower - INFO - Successfully parsed 3 calls from response
2026-01-26 17:00:44,700 - app.services.servicepower - INFO - Fetched 51 unique calls across 6 API calls
2026-01-26 17:00:45,104 - app.services.servicepower - DEBUG - HTTP Response Status: 200
2026-01-26 17:00:45,104 - app.services.servicepower - DEBUG - Found 8 CallInfo elements in response
2026-01-26 17:00:45,105 - app.services.servicepower - INFO - Successfully parsed 8 calls from response
2026-01-26 17:00:45,106 - app.services.servicepower - INFO - Chunk 2: 2026-01-18 to 2026-01-19
2026-01-26 17:00:45,107 - app.services.servicepower - DEBUG - Fetching calls from 01/18/2026 00:00:00 to 01/19/2026 23:59:59
2026-01-26 17:00:45,107 - app.services.servicepower - DEBUG - Making SOAP request to https://fss.servicepower.com/sms/services/SPDService
2026-01-26 17:00:45,924 - app.services.servicepower - DEBUG - HTTP Response Status: 200
2026-01-26 17:00:45,924 - app.services.servicepower - DEBUG - Found 9 CallInfo elements in response
2026-01-26 17:00:45,925 - app.services.servicepower - INFO - Successfully parsed 9 calls from response
2026-01-26 17:00:45,927 - app.services.servicepower - INFO - Chunk 3: 2026-01-20 to 2026-01-21
2026-01-26 17:00:45,927 - app.services.servicepower - DEBUG - Fetching calls from 01/20/2026 00:00:00 to 01/21/2026 23:59:59
2026-01-26 17:00:45,928 - app.services.servicepower - DEBUG - Making SOAP request to https://fss.servicepower.com/sms/services/SPDService
2026-01-26 17:00:46,769 - app.services.servicepower - DEBUG - HTTP Response Status: 200
2026-01-26 17:00:46,770 - app.services.servicepower - DEBUG - Found 16 CallInfo elements in response
2026-01-26 17:00:46,771 - app.services.servicepower - INFO - Successfully parsed 16 calls from response
2026-01-26 17:00:46,772 - app.services.servicepower - INFO - Chunk 4: 2026-01-22 to 2026-01-23
2026-01-26 17:00:46,773 - app.services.servicepower - DEBUG - Fetching calls from 01/22/2026 00:00:00 to 01/23/2026 23:59:59
2026-01-26 17:00:46,773 - app.services.servicepower - DEBUG - Making SOAP request to https://fss.servicepower.com/sms/services/SPDService
2026-01-26 17:00:47,594 - app.services.servicepower - DEBUG - HTTP Response Status: 200
2026-01-26 17:00:47,595 - app.services.servicepower - DEBUG - Found 14 CallInfo elements in response
2026-01-26 17:00:47,596 - app.services.servicepower - INFO - Successfully parsed 14 calls from response
2026-01-26 17:00:47,598 - app.services.servicepower - INFO - Chunk 5: 2026-01-24 to 2026-01-25
2026-01-26 17:00:47,598 - app.services.servicepower - DEBUG - Fetching calls from 01/24/2026 00:00:00 to 01/25/2026 23:59:59
2026-01-26 17:00:47,599 - app.services.servicepower - DEBUG - Making SOAP request to https://fss.servicepower.com/sms/services/SPDService
2026-01-26 17:00:48,342 - app.services.servicepower - DEBUG - HTTP Response Status: 200
2026-01-26 17:00:48,342 - app.services.servicepower - DEBUG - Found 1 CallInfo elements in response
2026-01-26 17:00:48,343 - app.services.servicepower - INFO - Successfully parsed 1 calls from response
2026-01-26 17:00:48,344 - app.services.servicepower - INFO - Chunk 6: 2026-01-26 to 2026-01-26
2026-01-26 17:00:48,345 - app.services.servicepower - DEBUG - Fetching calls from 01/26/2026 00:00:00 to 01/26/2026 23:59:59
2026-01-26 17:00:48,345 - app.services.servicepower - DEBUG - Making SOAP request to https://fss.servicepower.com/sms/services/SPDService
2026-01-26 17:00:49,105 - app.services.servicepower - DEBUG - HTTP Response Status: 200
2026-01-26 17:00:49,105 - app.services.servicepower - DEBUG - Found 3 CallInfo elements in response
2026-01-26 17:00:49,106 - app.services.servicepower - INFO - Successfully parsed 3 calls from response
2026-01-26 17:00:49,107 - app.services.servicepower - INFO - Fetched 51 unique calls across 6 API calls
2026-01-26 17:01:03,313 - app.services.servicepower - INFO - ServicePower client initialized for production_na
2026-01-26 17:01:03,314 - app.services.servicepower - INFO - Fetching calls for 3 day(s): 2026-01-24 to 2026-01-26
2026-01-26 17:01:03,315 - app.services.servicepower - DEBUG - Fetching calls from 01/24/2026 00:00:00 to 01/26/2026 23:59:59
2026-01-26 17:01:03,316 - app.services.servicepower - DEBUG - Making SOAP request to https://fss.servicepower.com/sms/services/SPDService
2026-01-26 17:01:04,155 - app.services.servicepower - DEBUG - HTTP Response Status: 200
2026-01-26 17:01:04,156 - app.services.servicepower - DEBUG - Found 4 CallInfo elements in response
2026-01-26 17:01:04,157 - app.services.servicepower - INFO - Successfully parsed 4 calls from response
2026-01-26 17:01:07,428 - app.services.servicepower - INFO - ServicePower client initialized for production_na
2026-01-26 17:01:07,429 - app.services.servicepower - INFO - Fetching calls for 3 day(s): 2026-01-24 to 2026-01-26
2026-01-26 17:01:07,429 - app.services.servicepower - DEBUG - Fetching calls from 01/24/2026 00:00:00 to 01/26/2026 23:59:59
2026-01-26 17:01:07,430 - app.services.servicepower - DEBUG - Making SOAP request to https://fss.servicepower.com/sms/services/SPDService
2026-01-26 17:01:08,170 - app.services.servicepower - DEBUG - HTTP Response Status: 200
2026-01-26 17:01:08,171 - app.services.servicepower - DEBUG - Found 4 CallInfo elements in response
2026-01-26 17:01:08,172 - app.services.servicepower - INFO - Successfully parsed 4 calls from response
2026-01-26 17:01:16,401 - app.services.servicepower - INFO - ServicePower client initialized for production_na
2026-01-26 17:01:16,402 - app.services.servicepower - INFO - Date range is 26 days - splitting into 2-day chunks
2026-01-26 17:01:16,402 - app.services.servicepower - INFO - Chunk 1: 2026-01-01 to 2026-01-02
2026-01-26 17:01:16,403 - app.services.servicepower - DEBUG - Fetching calls from 01/01/2026 00:00:00 to 01/02/2026 23:59:59
2026-01-26 17:01:16,403 - app.services.servicepower - DEBUG - Making SOAP request to https://fss.servicepower.com/sms/services/SPDService
2026-01-26 17:01:17,183 - app.services.servicepower - DEBUG - HTTP Response Status: 200
2026-01-26 17:01:17,185 - app.services.servicepower - DEBUG - Found 11 CallInfo elements in response
2026-01-26 17:01:17,185 - app.services.servicepower - INFO - Successfully parsed 11 calls from response
2026-01-26 17:01:17,186 - app.services.servicepower - INFO - Chunk 2: 2026-01-03 to 2026-01-04
2026-01-26 17:01:17,187 - app.services.servicepower - DEBUG - Fetching calls from 01/03/2026 00:00:00 to 01/04/2026 23:59:59
2026-01-26 17:01:17,187 - app.services.servicepower - DEBUG - Making SOAP request to https://fss.servicepower.com/sms/services/SPDService
2026-01-26 17:01:17,973 - app.services.servicepower - DEBUG - HTTP Response Status: 200
2026-01-26 17:01:17,975 - app.services.servicepower - DEBUG - Found 11 CallInfo elements in response
2026-01-26 17:01:17,975 - app.services.servicepower - INFO - Successfully parsed 11 calls from response
2026-01-26 17:01:17,977 - app.services.servicepower - INFO - Chunk 3: 2026-01-05 to 2026-01-06
2026-01-26 17:01:17,978 - app.services.servicepower - DEBUG - Fetching calls from 01/05/2026 00:00:00 to 01/06/2026 23:59:59
2026-01-26 17:01:17,978 - app.services.servicepower - DEBUG - Making SOAP request to https://fss.servicepower.com/sms/services/SPDService
2026-01-26 17:01:18,886 - app.services.servicepower - DEBUG - HTTP Response Status: 200
2026-01-26 17:01:18,888 - app.services.servicepower - DEBUG - Found 26 CallInfo elements in response
2026-01-26 17:01:18,889 - app.services.servicepower - INFO - Successfully parsed 26 calls from response
2026-01-26 17:01:18,890 - app.services.servicepower - INFO - Chunk 4: 2026-01-07 to 2026-01-08
2026-01-26 17:01:18,891 - app.services.servicepower - DEBUG - Fetching calls from 01/07/2026 00:00:00 to 01/08/2026 23:59:59
2026-01-26 17:01:18,891 - app.services.servicepower - DEBUG - Making SOAP request to https://fss.servicepower.com/sms/services/SPDService
2026-01-26 17:01:19,766 - app.services.servicepower - DEBUG - HTTP Response Status: 200
2026-01-26 17:01:19,768 - app.services.servicepower - DEBUG - Found 27 CallInfo elements in response
2026-01-26 17:01:19,769 - app.services.servicepower - INFO - Successfully parsed 27 calls from response
2026-01-26 17:01:19,770 - app.services.servicepower - INFO - Chunk 5: 2026-01-09 to 2026-01-10
2026-01-26 17:01:19,771 - app.services.servicepower - DEBUG - Fetching calls from 01/09/2026 00:00:00 to 01/10/2026 23:59:59
2026-01-26 17:01:19,771 - app.services.servicepower - DEBUG - Making SOAP request to https://fss.servicepower.com/sms/services/SPDService
2026-01-26 17:01:20,592 - app.services.servicepower - DEBUG - HTTP Response Status: 200
2026-01-26 17:01:20,593 - app.services.servicepower - DEBUG - Found 8 CallInfo elements in response
2026-01-26 17:01:20,594 - app.services.servicepower - INFO - Successfully parsed 8 calls from response
2026-01-26 17:01:20,597 - app.services.servicepower - INFO - Chunk 6: 2026-01-11 to 2026-01-12
2026-01-26 17:01:20,597 - app.services.servicepower - DEBUG - Fetching calls from 01/11/2026 00:00:00 to 01/12/2026 23:59:59
2026-01-26 17:01:20,598 - app.services.servicepower - DEBUG - Making SOAP request to https://fss.servicepower.com/sms/services/SPDService
2026-01-26 17:01:21,453 - app.services.servicepower - DEBUG - HTTP Response Status: 200
2026-01-26 17:01:21,455 - app.services.servicepower - DEBUG - Found 11 CallInfo elements in response
2026-01-26 17:01:21,456 - app.services.servicepower - INFO - Successfully parsed 11 calls from response
2026-01-26 17:01:21,457 - app.services.servicepower - INFO - Chunk 7: 2026-01-13 to 2026-01-14
2026-01-26 17:01:21,458 - app.services.servicepower - DEBUG - Fetching calls from 01/13/2026 00:00:00 to 01/14/2026 23:59:59
2026-01-26 17:01:21,458 - app.services.servicepower - DEBUG - Making SOAP request to https://fss.servicepower.com/sms/services/SPDService
2026-01-26 17:01:21,920 - app.services.servicepower - INFO - ServicePower client initialized for production_na
2026-01-26 17:01:21,920 - app.services.servicepower - INFO - Fetching calls for 3 day(s): 2026-01-24 to 2026-01-26
2026-01-26 17:01:21,921 - app.services.servicepower - DEBUG - Fetching calls from 01/24/2026 00:00:00 to 01/26/2026 23:59:59
2026-01-26 17:01:21,921 - app.services.servicepower - DEBUG - Making SOAP request to https://fss.servicepower.com/sms/services/SPDService
2026-01-26 17:01:22,382 - app.services.servicepower - DEBUG - HTTP Response Status: 200
2026-01-26 17:01:22,383 - app.services.servicepower - DEBUG - Found 12 CallInfo elements in response
2026-01-26 17:01:22,384 - app.services.servicepower - INFO - Successfully parsed 12 calls from response
2026-01-26 17:01:22,386 - app.services.servicepower - INFO - Chunk 8: 2026-01-15 to 2026-01-16
2026-01-26 17:01:22,386 - app.services.servicepower - DEBUG - Fetching calls from 01/15/2026 00:00:00 to 01/16/2026 23:59:59
2026-01-26 17:01:22,386 - app.services.servicepower - DEBUG - Making SOAP request to https://fss.servicepower.com/sms/services/SPDService
2026-01-26 17:01:22,749 - app.services.servicepower - DEBUG - HTTP Response Status: 200
2026-01-26 17:01:22,749 - app.services.servicepower - DEBUG - Found 4 CallInfo elements in response
2026-01-26 17:01:22,750 - app.services.servicepower - INFO - Successfully parsed 4 calls from response
2026-01-26 17:01:23,253 - app.services.servicepower - DEBUG - HTTP Response Status: 200
2026-01-26 17:01:23,254 - app.services.servicepower - DEBUG - Found 10 CallInfo elements in response
2026-01-26 17:01:23,255 - app.services.servicepower - INFO - Successfully parsed 10 calls from response
2026-01-26 17:01:23,256 - app.services.servicepower - INFO - Chunk 9: 2026-01-17 to 2026-01-18
2026-01-26 17:01:23,256 - app.services.servicepower - DEBUG - Fetching calls from 01/17/2026 00:00:00 to 01/18/2026 23:59:59
2026-01-26 17:01:23,257 - app.services.servicepower - DEBUG - Making SOAP request to https://fss.servicepower.com/sms/services/SPDService
2026-01-26 17:01:24,029 - app.services.servicepower - DEBUG - HTTP Response Status: 200
2026-01-26 17:01:24,030 - app.services.servicepower - DEBUG - Found 6 CallInfo elements in response
2026-01-26 17:01:24,030 - app.services.servicepower - INFO - Successfully parsed 6 calls from response
2026-01-26 17:01:24,032 - app.services.servicepower - INFO - Chunk 10: 2026-01-19 to 2026-01-20
2026-01-26 17:01:24,032 - app.services.servicepower - DEBUG - Fetching calls from 01/19/2026 00:00:00 to 01/20/2026 23:59:59
2026-01-26 17:01:24,033 - app.services.servicepower - DEBUG - Making SOAP request to https://fss.servicepower.com/sms/services/SPDService
2026-01-26 17:01:24,842 - app.services.servicepower - DEBUG - HTTP Response Status: 200
2026-01-26 17:01:24,844 - app.services.servicepower - DEBUG - Found 14 CallInfo elements in response
2026-01-26 17:01:24,845 - app.services.servicepower - INFO - Successfully parsed 14 calls from response
2026-01-26 17:01:24,847 - app.services.servicepower - INFO - Chunk 11: 2026-01-21 to 2026-01-22
2026-01-26 17:01:24,848 - app.services.servicepower - DEBUG - Fetching calls from 01/21/2026 00:00:00 to 01/22/2026 23:59:59
2026-01-26 17:01:24,848 - app.services.servicepower - DEBUG - Making SOAP request to https://fss.servicepower.com/sms/services/SPDService
2026-01-26 17:01:25,677 - app.services.servicepower - DEBUG - HTTP Response Status: 200
2026-01-26 17:01:25,679 - app.services.servicepower - DEBUG - Found 14 CallInfo elements in response
2026-01-26 17:01:25,680 - app.services.servicepower - INFO - Successfully parsed 14 calls from response
2026-01-26 17:01:25,681 - app.services.servicepower - INFO - Chunk 12: 2026-01-23 to 2026-01-24
2026-01-26 17:01:25,682 - app.services.servicepower - DEBUG - Fetching calls from 01/23/2026 00:00:00 to 01/24/2026 23:59:59
2026-01-26 17:01:25,682 - app.services.servicepower - DEBUG - Making SOAP request to https://fss.servicepower.com/sms/services/SPDService
2026-01-26 17:01:26,493 - app.services.servicepower - DEBUG - HTTP Response Status: 200
2026-01-26 17:01:26,494 - app.services.servicepower - DEBUG - Found 9 CallInfo elements in response
2026-01-26 17:01:26,495 - app.services.servicepower - INFO - Successfully parsed 9 calls from response
2026-01-26 17:01:26,497 - app.services.servicepower - INFO - Chunk 13: 2026-01-25 to 2026-01-26
2026-01-26 17:01:26,498 - app.services.servicepower - DEBUG - Fetching calls from 01/25/2026 00:00:00 to 01/26/2026 23:59:59
2026-01-26 17:01:26,498 - app.services.servicepower - DEBUG - Making SOAP request to https://fss.servicepower.com/sms/services/SPDService
2026-01-26 17:01:26,937 - app.services.servicepower - INFO - ServicePower client initialized for production_na
2026-01-26 17:01:26,937 - app.services.servicepower - INFO - Date range is 10 days - splitting into 2-day chunks
2026-01-26 17:01:26,938 - app.services.servicepower - INFO - Chunk 1: 2026-01-17 to 2026-01-18
2026-01-26 17:01:26,938 - app.services.servicepower - DEBUG - Fetching calls from 01/17/2026 00:00:00 to 01/18/2026 23:59:59
2026-01-26 17:01:26,939 - app.services.servicepower - DEBUG - Making SOAP request to https://fss.servicepower.com/sms/services/SPDService
2026-01-26 17:01:27,283 - app.services.servicepower - DEBUG - HTTP Response Status: 200
2026-01-26 17:01:27,284 - app.services.servicepower - DEBUG - Found 3 CallInfo elements in response
2026-01-26 17:01:27,284 - app.services.servicepower - INFO - Successfully parsed 3 calls from response
2026-01-26 17:01:27,286 - app.services.servicepower - INFO - Fetched 162 unique calls across 13 API calls
2026-01-26 17:01:27,699 - app.services.servicepower - DEBUG - HTTP Response Status: 200
2026-01-26 17:01:27,700 - app.services.servicepower - DEBUG - Found 6 CallInfo elements in response
2026-01-26 17:01:27,700 - app.services.servicepower - INFO - Successfully parsed 6 calls from response
2026-01-26 17:01:27,702 - app.services.servicepower - INFO - Chunk 2: 2026-01-19 to 2026-01-20
2026-01-26 17:01:27,702 - app.services.servicepower - DEBUG - Fetching calls from 01/19/2026 00:00:00 to 01/20/2026 23:59:59
2026-01-26 17:01:27,702 - app.services.servicepower - DEBUG - Making SOAP request to https://fss.servicepower.com/sms/services/SPDService
2026-01-26 17:01:28,541 - app.services.servicepower - DEBUG - HTTP Response Status: 200
2026-01-26 17:01:28,543 - app.services.servicepower - DEBUG - Found 14 CallInfo elements in response
2026-01-26 17:01:28,544 - app.services.servicepower - INFO - Successfully parsed 14 calls from response
2026-01-26 17:01:28,547 - app.services.servicepower - INFO - Chunk 3: 2026-01-21 to 2026-01-22
2026-01-26 17:01:28,547 - app.services.servicepower - DEBUG - Fetching calls from 01/21/2026 00:00:00 to 01/22/2026 23:59:59
2026-01-26 17:01:28,548 - app.services.servicepower - DEBUG - Making SOAP request to https://fss.servicepower.com/sms/services/SPDService
2026-01-26 17:01:29,332 - app.services.servicepower - DEBUG - HTTP Response Status: 200
2026-01-26 17:01:29,333 - app.services.servicepower - DEBUG - Found 14 CallInfo elements in response
2026-01-26 17:01:29,333 - app.services.servicepower - INFO - Successfully parsed 14 calls from response
2026-01-26 17:01:29,335 - app.services.servicepower - INFO - Chunk 4: 2026-01-23 to 2026-01-24
2026-01-26 17:01:29,335 - app.services.servicepower - DEBUG - Fetching calls from 01/23/2026 00:00:00 to 01/24/2026 23:59:59
2026-01-26 17:01:29,336 - app.services.servicepower - DEBUG - Making SOAP request to https://fss.servicepower.com/sms/services/SPDService
2026-01-26 17:01:30,158 - app.services.servicepower - DEBUG - HTTP Response Status: 200
2026-01-26 17:01:30,158 - app.services.servicepower - DEBUG - Found 9 CallInfo elements in response
2026-01-26 17:01:30,159 - app.services.servicepower - INFO - Successfully parsed 9 calls from response
2026-01-26 17:01:30,163 - app.services.servicepower - INFO - Chunk 5: 2026-01-25 to 2026-01-26
2026-01-26 17:01:30,165 - app.services.servicepower - DEBUG - Fetching calls from 01/25/2026 00:00:00 to 01/26/2026 23:59:59
2026-01-26 17:01:30,165 - app.services.servicepower - DEBUG - Making SOAP request to https://fss.servicepower.com/sms/services/SPDService
2026-01-26 17:01:30,936 - app.services.servicepower - DEBUG - HTTP Response Status: 200
2026-01-26 17:01:30,937 - app.services.servicepower - DEBUG - Found 3 CallInfo elements in response
2026-01-26 17:01:30,937 - app.services.servicepower - INFO - Successfully parsed 3 calls from response
2026-01-26 17:01:30,938 - app.services.servicepower - INFO - Fetched 46 unique calls across 5 API calls
2026-01-26 17:02:16,799 - app.api.calls - ERROR - Error looking up ticket: 'ascii' codec can't decode byte 0xa8 in position 46: ordinal not in range(128)
2026-01-26 17:06:32,754 - app.services.servicepower - INFO - ServicePower client initialized for production_na
2026-01-26 17:06:32,781 - app.services.servicepower - INFO - Fetching calls for 3 day(s): 2026-01-24 to 2026-01-26
2026-01-26 17:06:32,782 - app.services.servicepower - DEBUG - Fetching calls from 01/24/2026 00:00:00 to 01/26/2026 23:59:59
2026-01-26 17:06:32,783 - app.services.servicepower - DEBUG - Making SOAP request to https://fss.servicepower.com/sms/services/SPDService
2026-01-26 17:06:33,821 - app.services.servicepower - DEBUG - HTTP Response Status: 200
2026-01-26 17:06:33,831 - app.services.servicepower - DEBUG - Found 4 CallInfo elements in response
2026-01-26 17:06:33,834 - app.services.servicepower - INFO - Successfully parsed 4 calls from response
2026-01-26 17:06:37,848 - app.services.servicepower - INFO - ServicePower client initialized for production_na
2026-01-26 17:06:37,848 - app.services.servicepower - INFO - Date range is 11 days - splitting into 2-day chunks
2026-01-26 17:06:37,849 - app.services.servicepower - INFO - Chunk 1: 2026-01-16 to 2026-01-17
2026-01-26 17:06:37,849 - app.services.servicepower - DEBUG - Fetching calls from 01/16/2026 00:00:00 to 01/17/2026 23:59:59
2026-01-26 17:06:37,850 - app.services.servicepower - DEBUG - Making SOAP request to https://fss.servicepower.com/sms/services/SPDService
2026-01-26 17:06:38,677 - app.services.servicepower - DEBUG - HTTP Response Status: 200
2026-01-26 17:06:38,679 - app.services.servicepower - DEBUG - Found 8 CallInfo elements in response
2026-01-26 17:06:38,679 - app.services.servicepower - INFO - Successfully parsed 8 calls from response
2026-01-26 17:06:38,681 - app.services.servicepower - INFO - Chunk 2: 2026-01-18 to 2026-01-19
2026-01-26 17:06:38,681 - app.services.servicepower - DEBUG - Fetching calls from 01/18/2026 00:00:00 to 01/19/2026 23:59:59
2026-01-26 17:06:38,682 - app.services.servicepower - DEBUG - Making SOAP request to https://fss.servicepower.com/sms/services/SPDService
2026-01-26 17:06:39,035 - app.services.servicepower - INFO - ServicePower client initialized for production_na
2026-01-26 17:06:39,035 - app.services.servicepower - INFO - Date range is 11 days - splitting into 2-day chunks
2026-01-26 17:06:39,036 - app.services.servicepower - INFO - Chunk 1: 2026-01-16 to 2026-01-17
2026-01-26 17:06:39,036 - app.services.servicepower - DEBUG - Fetching calls from 01/16/2026 00:00:00 to 01/17/2026 23:59:59
2026-01-26 17:06:39,038 - app.services.servicepower - DEBUG - Making SOAP request to https://fss.servicepower.com/sms/services/SPDService
2026-01-26 17:06:39,561 - app.services.servicepower - DEBUG - HTTP Response Status: 200
2026-01-26 17:06:39,581 - app.services.servicepower - DEBUG - Found 9 CallInfo elements in response
2026-01-26 17:06:39,581 - app.services.servicepower - INFO - Successfully parsed 9 calls from response
2026-01-26 17:06:39,583 - app.services.servicepower - INFO - Chunk 3: 2026-01-20 to 2026-01-21
2026-01-26 17:06:39,583 - app.services.servicepower - DEBUG - Fetching calls from 01/20/2026 00:00:00 to 01/21/2026 23:59:59
2026-01-26 17:06:39,583 - app.services.servicepower - DEBUG - Making SOAP request to https://fss.servicepower.com/sms/services/SPDService
2026-01-26 17:06:39,940 - app.services.servicepower - DEBUG - HTTP Response Status: 200
2026-01-26 17:06:39,941 - app.services.servicepower - DEBUG - Found 8 CallInfo elements in response
2026-01-26 17:06:39,942 - app.services.servicepower - INFO - Successfully parsed 8 calls from response
2026-01-26 17:06:39,943 - app.services.servicepower - INFO - Chunk 2: 2026-01-18 to 2026-01-19
2026-01-26 17:06:39,944 - app.services.servicepower - DEBUG - Fetching calls from 01/18/2026 00:00:00 to 01/19/2026 23:59:59
2026-01-26 17:06:39,944 - app.services.servicepower - DEBUG - Making SOAP request to https://fss.servicepower.com/sms/services/SPDService
2026-01-26 17:06:40,452 - app.services.servicepower - DEBUG - HTTP Response Status: 200
2026-01-26 17:06:40,454 - app.services.servicepower - DEBUG - Found 16 CallInfo elements in response
2026-01-26 17:06:40,455 - app.services.servicepower - INFO - Successfully parsed 16 calls from response
2026-01-26 17:06:40,458 - app.services.servicepower - INFO - Chunk 4: 2026-01-22 to 2026-01-23
2026-01-26 17:06:40,458 - app.services.servicepower - DEBUG - Fetching calls from 01/22/2026 00:00:00 to 01/23/2026 23:59:59
2026-01-26 17:06:40,459 - app.services.servicepower - DEBUG - Making SOAP request to https://fss.servicepower.com/sms/services/SPDService
2026-01-26 17:06:40,810 - app.services.servicepower - DEBUG - HTTP Response Status: 200
2026-01-26 17:06:40,811 - app.services.servicepower - DEBUG - Found 9 CallInfo elements in response
2026-01-26 17:06:40,812 - app.services.servicepower - INFO - Successfully parsed 9 calls from response
2026-01-26 17:06:40,813 - app.services.servicepower - INFO - Chunk 3: 2026-01-20 to 2026-01-21
2026-01-26 17:06:40,813 - app.services.servicepower - DEBUG - Fetching calls from 01/20/2026 00:00:00 to 01/21/2026 23:59:59
2026-01-26 17:06:40,814 - app.services.servicepower - DEBUG - Making SOAP request to https://fss.servicepower.com/sms/services/SPDService
2026-01-26 17:06:41,126 - app.services.servicepower - INFO - ServicePower client initialized for production_na
2026-01-26 17:06:41,126 - app.services.servicepower - INFO - Date range is 11 days - splitting into 2-day chunks
2026-01-26 17:06:41,126 - app.services.servicepower - INFO - Chunk 1: 2026-01-16 to 2026-01-17
2026-01-26 17:06:41,127 - app.services.servicepower - DEBUG - Fetching calls from 01/16/2026 00:00:00 to 01/17/2026 23:59:59
2026-01-26 17:06:41,127 - app.services.servicepower - DEBUG - Making SOAP request to https://fss.servicepower.com/sms/services/SPDService
2026-01-26 17:06:41,357 - app.services.servicepower - DEBUG - HTTP Response Status: 200
2026-01-26 17:06:41,359 - app.services.servicepower - DEBUG - Found 14 CallInfo elements in response
2026-01-26 17:06:41,360 - app.services.servicepower - INFO - Successfully parsed 14 calls from response
2026-01-26 17:06:41,361 - app.services.servicepower - INFO - Chunk 5: 2026-01-24 to 2026-01-25
2026-01-26 17:06:41,362 - app.services.servicepower - DEBUG - Fetching calls from 01/24/2026 00:00:00 to 01/25/2026 23:59:59
2026-01-26 17:06:41,362 - app.services.servicepower - DEBUG - Making SOAP request to https://fss.servicepower.com/sms/services/SPDService
2026-01-26 17:06:41,748 - app.services.servicepower - DEBUG - HTTP Response Status: 200
2026-01-26 17:06:41,751 - app.services.servicepower - DEBUG - Found 16 CallInfo elements in response
2026-01-26 17:06:41,752 - app.services.servicepower - INFO - Successfully parsed 16 calls from response
2026-01-26 17:06:41,754 - app.services.servicepower - INFO - Chunk 4: 2026-01-22 to 2026-01-23
2026-01-26 17:06:41,755 - app.services.servicepower - DEBUG - Fetching calls from 01/22/2026 00:00:00 to 01/23/2026 23:59:59
2026-01-26 17:06:41,755 - app.services.servicepower - DEBUG - Making SOAP request to https://fss.servicepower.com/sms/services/SPDService
2026-01-26 17:06:42,077 - app.services.servicepower - DEBUG - HTTP Response Status: 200
2026-01-26 17:06:42,078 - app.services.servicepower - DEBUG - Found 8 CallInfo elements in response
2026-01-26 17:06:42,078 - app.services.servicepower - INFO - Successfully parsed 8 calls from response
2026-01-26 17:06:42,079 - app.services.servicepower - INFO - Chunk 2: 2026-01-18 to 2026-01-19
2026-01-26 17:06:42,080 - app.services.servicepower - DEBUG - Fetching calls from 01/18/2026 00:00:00 to 01/19/2026 23:59:59
2026-01-26 17:06:42,080 - app.services.servicepower - DEBUG - Making SOAP request to https://fss.servicepower.com/sms/services/SPDService
2026-01-26 17:06:42,266 - app.services.servicepower - DEBUG - HTTP Response Status: 200
2026-01-26 17:06:42,267 - app.services.servicepower - DEBUG - Found 1 CallInfo elements in response
2026-01-26 17:06:42,267 - app.services.servicepower - INFO - Successfully parsed 1 calls from response
2026-01-26 17:06:42,268 - app.services.servicepower - INFO - Chunk 6: 2026-01-26 to 2026-01-26
2026-01-26 17:06:42,269 - app.services.servicepower - DEBUG - Fetching calls from 01/26/2026 00:00:00 to 01/26/2026 23:59:59
2026-01-26 17:06:42,269 - app.services.servicepower - DEBUG - Making SOAP request to https://fss.servicepower.com/sms/services/SPDService
2026-01-26 17:06:42,662 - app.services.servicepower - DEBUG - HTTP Response Status: 200
2026-01-26 17:06:42,663 - app.services.servicepower - DEBUG - Found 14 CallInfo elements in response
2026-01-26 17:06:42,664 - app.services.servicepower - INFO - Successfully parsed 14 calls from response
2026-01-26 17:06:42,666 - app.services.servicepower - INFO - Chunk 5: 2026-01-24 to 2026-01-25
2026-01-26 17:06:42,666 - app.services.servicepower - DEBUG - Fetching calls from 01/24/2026 00:00:00 to 01/25/2026 23:59:59
2026-01-26 17:06:42,666 - app.services.servicepower - DEBUG - Making SOAP request to https://fss.servicepower.com/sms/services/SPDService
2026-01-26 17:06:43,008 - app.services.servicepower - DEBUG - HTTP Response Status: 200
2026-01-26 17:06:43,009 - app.services.servicepower - DEBUG - Found 9 CallInfo elements in response
2026-01-26 17:06:43,009 - app.services.servicepower - INFO - Successfully parsed 9 calls from response
2026-01-26 17:06:43,012 - app.services.servicepower - INFO - Chunk 3: 2026-01-20 to 2026-01-21
2026-01-26 17:06:43,012 - app.services.servicepower - DEBUG - Fetching calls from 01/20/2026 00:00:00 to 01/21/2026 23:59:59
2026-01-26 17:06:43,013 - app.services.servicepower - DEBUG - Making SOAP request to https://fss.servicepower.com/sms/services/SPDService
2026-01-26 17:06:43,122 - app.services.servicepower - DEBUG - HTTP Response Status: 200
2026-01-26 17:06:43,123 - app.services.servicepower - DEBUG - Found 3 CallInfo elements in response
2026-01-26 17:06:43,123 - app.services.servicepower - INFO - Successfully parsed 3 calls from response
2026-01-26 17:06:43,125 - app.services.servicepower - INFO - Fetched 51 unique calls across 6 API calls
2026-01-26 17:06:43,525 - app.services.servicepower - DEBUG - HTTP Response Status: 200
2026-01-26 17:06:43,525 - app.services.servicepower - DEBUG - Found 1 CallInfo elements in response
2026-01-26 17:06:43,526 - app.services.servicepower - INFO - Successfully parsed 1 calls from response
2026-01-26 17:06:43,527 - app.services.servicepower - INFO - Chunk 6: 2026-01-26 to 2026-01-26
2026-01-26 17:06:43,528 - app.services.servicepower - DEBUG - Fetching calls from 01/26/2026 00:00:00 to 01/26/2026 23:59:59
2026-01-26 17:06:43,528 - app.services.servicepower - DEBUG - Making SOAP request to https://fss.servicepower.com/sms/services/SPDService
2026-01-26 17:06:43,890 - app.services.servicepower - DEBUG - HTTP Response Status: 200
2026-01-26 17:06:43,891 - app.services.servicepower - DEBUG - Found 16 CallInfo elements in response
2026-01-26 17:06:43,892 - app.services.servicepower - INFO - Successfully parsed 16 calls from response
2026-01-26 17:06:43,894 - app.services.servicepower - INFO - Chunk 4: 2026-01-22 to 2026-01-23
2026-01-26 17:06:43,895 - app.services.servicepower - DEBUG - Fetching calls from 01/22/2026 00:00:00 to 01/23/2026 23:59:59
2026-01-26 17:06:43,895 - app.services.servicepower - DEBUG - Making SOAP request to https://fss.servicepower.com/sms/services/SPDService
2026-01-26 17:06:44,352 - app.services.servicepower - DEBUG - HTTP Response Status: 200
2026-01-26 17:06:44,354 - app.services.servicepower - DEBUG - Found 3 CallInfo elements in response
2026-01-26 17:06:44,355 - app.services.servicepower - INFO - Successfully parsed 3 calls from response
2026-01-26 17:06:44,357 - app.services.servicepower - INFO - Fetched 51 unique calls across 6 API calls
2026-01-26 17:06:44,794 - app.services.servicepower - DEBUG - HTTP Response Status: 200
2026-01-26 17:06:44,795 - app.services.servicepower - DEBUG - Found 14 CallInfo elements in response
2026-01-26 17:06:44,796 - app.services.servicepower - INFO - Successfully parsed 14 calls from response
2026-01-26 17:06:44,798 - app.services.servicepower - INFO - Chunk 5: 2026-01-24 to 2026-01-25
2026-01-26 17:06:44,798 - app.services.servicepower - DEBUG - Fetching calls from 01/24/2026 00:00:00 to 01/25/2026 23:59:59
2026-01-26 17:06:44,799 - app.services.servicepower - DEBUG - Making SOAP request to https://fss.servicepower.com/sms/services/SPDService
2026-01-26 17:06:45,580 - app.services.servicepower - DEBUG - HTTP Response Status: 200
2026-01-26 17:06:45,581 - app.services.servicepower - DEBUG - Found 1 CallInfo elements in response
2026-01-26 17:06:45,581 - app.services.servicepower - INFO - Successfully parsed 1 calls from response
2026-01-26 17:06:45,583 - app.services.servicepower - INFO - Chunk 6: 2026-01-26 to 2026-01-26
2026-01-26 17:06:45,583 - app.services.servicepower - DEBUG - Fetching calls from 01/26/2026 00:00:00 to 01/26/2026 23:59:59
2026-01-26 17:06:45,584 - app.services.servicepower - DEBUG - Making SOAP request to https://fss.servicepower.com/sms/services/SPDService
2026-01-26 17:06:46,396 - app.services.servicepower - DEBUG - HTTP Response Status: 200
2026-01-26 17:06:46,398 - app.services.servicepower - DEBUG - Found 3 CallInfo elements in response
2026-01-26 17:06:46,398 - app.services.servicepower - INFO - Successfully parsed 3 calls from response
2026-01-26 17:06:46,400 - app.services.servicepower - INFO - Fetched 51 unique calls across 6 API calls
2026-01-26 17:07:03,551 - app - INFO - ServiceDispatch application started in development mode
2026-01-26 17:07:08,520 - app - INFO - ServiceDispatch application started in development mode
2026-01-26 17:07:39,331 - app.services.servicepower - INFO - ServicePower client initialized for production_na
2026-01-26 17:07:39,346 - app.services.servicepower - INFO - Fetching calls for 3 day(s): 2026-01-24 to 2026-01-26
2026-01-26 17:07:39,357 - app.services.servicepower - DEBUG - Fetching calls from 01/24/2026 00:00:00 to 01/26/2026 23:59:59
2026-01-26 17:07:39,361 - app.services.servicepower - DEBUG - Making SOAP request to https://fss.servicepower.com/sms/services/SPDService
2026-01-26 17:07:40,473 - app.services.servicepower - DEBUG - HTTP Response Status: 200
2026-01-26 17:07:40,475 - app.services.servicepower - DEBUG - Found 4 CallInfo elements in response
2026-01-26 17:07:40,475 - app.services.servicepower - INFO - Successfully parsed 4 calls from response
2026-01-26 17:08:15,116 - app.services.servicepower - INFO - ServicePower client initialized for production_na
2026-01-26 17:08:15,116 - app.services.servicepower - INFO - Fetching calls for 3 day(s): 2026-01-24 to 2026-01-26
2026-01-26 17:08:15,117 - app.services.servicepower - DEBUG - Fetching calls from 01/24/2026 00:00:00 to 01/26/2026 23:59:59
2026-01-26 17:08:15,117 - app.services.servicepower - DEBUG - Making SOAP request to https://fss.servicepower.com/sms/services/SPDService
2026-01-26 17:08:16,158 - app.services.servicepower - DEBUG - HTTP Response Status: 200
2026-01-26 17:08:16,159 - app.services.servicepower - DEBUG - Found 4 CallInfo elements in response
2026-01-26 17:08:16,160 - app.services.servicepower - INFO - Successfully parsed 4 calls from response
2026-01-26 17:08:17,151 - app.services.servicepower - INFO - ServicePower client initialized for production_na
2026-01-26 17:08:17,152 - app.services.servicepower - INFO - Fetching calls for 3 day(s): 2026-01-24 to 2026-01-26
2026-01-26 17:08:17,152 - app.services.servicepower - DEBUG - Fetching calls from 01/24/2026 00:00:00 to 01/26/2026 23:59:59
2026-01-26 17:08:17,153 - app.services.servicepower - DEBUG - Making SOAP request to https://fss.servicepower.com/sms/services/SPDService
2026-01-26 17:08:17,897 - app.services.servicepower - DEBUG - HTTP Response Status: 200
2026-01-26 17:08:17,898 - app.services.servicepower - DEBUG - Found 4 CallInfo elements in response
2026-01-26 17:08:17,898 - app.services.servicepower - INFO - Successfully parsed 4 calls from response
2026-01-26 17:08:41,640 - app.services.servicepower - INFO - ServicePower client initialized for production_na
2026-01-26 17:08:41,640 - app.services.servicepower - INFO - Fetching calls for 3 day(s): 2026-01-24 to 2026-01-26
2026-01-26 17:08:41,641 - app.services.servicepower - DEBUG - Fetching calls from 01/24/2026 00:00:00 to 01/26/2026 23:59:59
2026-01-26 17:08:41,641 - app.services.servicepower - DEBUG - Making SOAP request to https://fss.servicepower.com/sms/services/SPDService
2026-01-26 17:08:42,525 - app.services.servicepower - DEBUG - HTTP Response Status: 200
2026-01-26 17:08:42,526 - app.services.servicepower - DEBUG - Found 4 CallInfo elements in response
2026-01-26 17:08:42,527 - app.services.servicepower - INFO - Successfully parsed 4 calls from response
2026-01-26 17:09:11,753 - app - INFO - ServiceDispatch application started in development mode
2026-01-26 17:09:20,649 - app - INFO - ServiceDispatch application started in development mode
2026-01-26 17:10:18,778 - app - INFO - ServiceDispatch application started in development mode
2026-01-26 17:11:39,460 - app.services.servicepower - INFO - ServicePower client initialized for production_na
2026-01-26 17:11:39,509 - app.services.servicepower - INFO - Fetching calls for 3 day(s): 2026-01-24 to 2026-01-26
2026-01-26 17:11:39,509 - app.services.servicepower - DEBUG - Fetching calls from 01/24/2026 00:00:00 to 01/26/2026 23:59:59
2026-01-26 17:11:39,510 - app.services.servicepower - DEBUG - Making SOAP request to https://fss.servicepower.com/sms/services/SPDService
2026-01-26 17:11:40,619 - app.services.servicepower - DEBUG - HTTP Response Status: 200
2026-01-26 17:11:40,623 - app.services.servicepower - DEBUG - Found 4 CallInfo elements in response
2026-01-26 17:11:40,623 - app.services.servicepower - INFO - Successfully parsed 4 calls from response
2026-01-26 17:11:44,753 - app.services.servicepower - INFO - ServicePower client initialized for production_na
2026-01-26 17:11:44,754 - app.services.servicepower - INFO - Date range is 10 days - splitting into 2-day chunks
2026-01-26 17:11:44,755 - app.services.servicepower - INFO - Chunk 1: 2026-01-17 to 2026-01-18
2026-01-26 17:11:44,755 - app.services.servicepower - DEBUG - Fetching calls from 01/17/2026 00:00:00 to 01/18/2026 23:59:59
2026-01-26 17:11:44,756 - app.services.servicepower - DEBUG - Making SOAP request to https://fss.servicepower.com/sms/services/SPDService
2026-01-26 17:11:45,517 - app.services.servicepower - DEBUG - HTTP Response Status: 200
2026-01-26 17:11:45,518 - app.services.servicepower - DEBUG - Found 6 CallInfo elements in response
2026-01-26 17:11:45,519 - app.services.servicepower - INFO - Successfully parsed 6 calls from response
2026-01-26 17:11:45,520 - app.services.servicepower - INFO - Chunk 2: 2026-01-19 to 2026-01-20
2026-01-26 17:11:45,520 - app.services.servicepower - DEBUG - Fetching calls from 01/19/2026 00:00:00 to 01/20/2026 23:59:59
2026-01-26 17:11:45,521 - app.services.servicepower - DEBUG - Making SOAP request to https://fss.servicepower.com/sms/services/SPDService
2026-01-26 17:11:46,371 - app.services.servicepower - DEBUG - HTTP Response Status: 200
2026-01-26 17:11:46,372 - app.services.servicepower - DEBUG - Found 14 CallInfo elements in response
2026-01-26 17:11:46,372 - app.services.servicepower - INFO - Successfully parsed 14 calls from response
2026-01-26 17:11:46,374 - app.services.servicepower - INFO - Chunk 3: 2026-01-21 to 2026-01-22
2026-01-26 17:11:46,374 - app.services.servicepower - DEBUG - Fetching calls from 01/21/2026 00:00:00 to 01/22/2026 23:59:59
2026-01-26 17:11:46,375 - app.services.servicepower - DEBUG - Making SOAP request to https://fss.servicepower.com/sms/services/SPDService
2026-01-26 17:11:47,195 - app.services.servicepower - DEBUG - HTTP Response Status: 200
2026-01-26 17:11:47,196 - app.services.servicepower - DEBUG - Found 14 CallInfo elements in response
2026-01-26 17:11:47,197 - app.services.servicepower - INFO - Successfully parsed 14 calls from response
2026-01-26 17:11:47,198 - app.services.servicepower - INFO - Chunk 4: 2026-01-23 to 2026-01-24
2026-01-26 17:11:47,199 - app.services.servicepower - DEBUG - Fetching calls from 01/23/2026 00:00:00 to 01/24/2026 23:59:59
2026-01-26 17:11:47,199 - app.services.servicepower - DEBUG - Making SOAP request to https://fss.servicepower.com/sms/services/SPDService
2026-01-26 17:11:48,079 - app.services.servicepower - DEBUG - HTTP Response Status: 200
2026-01-26 17:11:48,080 - app.services.servicepower - DEBUG - Found 9 CallInfo elements in response
2026-01-26 17:11:48,080 - app.services.servicepower - INFO - Successfully parsed 9 calls from response
2026-01-26 17:11:48,082 - app.services.servicepower - INFO - Chunk 5: 2026-01-25 to 2026-01-26
2026-01-26 17:11:48,082 - app.services.servicepower - DEBUG - Fetching calls from 01/25/2026 00:00:00 to 01/26/2026 23:59:59
2026-01-26 17:11:48,082 - app.services.servicepower - DEBUG - Making SOAP request to https://fss.servicepower.com/sms/services/SPDService
2026-01-26 17:11:48,850 - app.services.servicepower - DEBUG - HTTP Response Status: 200
2026-01-26 17:11:48,852 - app.services.servicepower - DEBUG - Found 3 CallInfo elements in response
2026-01-26 17:11:48,852 - app.services.servicepower - INFO - Successfully parsed 3 calls from response
2026-01-26 17:11:48,854 - app.services.servicepower - INFO - Fetched 46 unique calls across 5 API calls
